// Jest Snapshot v1, https://goo.gl/fbAQLP

exports[`Tests in <JournalEntry /> should load the component properly 1`] = `
<div
  className="journal__entry pointer animate__animated animate__fadeIn animate__faster"
  onClick={[Function]}
>
  <div
    className="journal__entry-picture"
    style={
      Object {
        "backgroundImage": "url(image.jpg)",
        "backgroundSize": "cover",
      }
    }
  />
  <div
    className="journal__entry-body"
  >
    <p
      className="journal__entry-title"
    >
      This is a title
    </p>
    <p
      className="journal__entry-content"
    >
      React course
    </p>
  </div>
  <div
    className="journal__entry-date-box"
  >
    <span>
      Wednesday
    </span>
    <h4>
      31st
    </h4>
  </div>
</div>
`;
